¥Ñ¨Ï¥ÎªÌ [8mha:////4A1U7Qooju7bdClrTlY6u2ZYDAMIeKZGrEy/JEoBt3btAAAAlh+LCAAAAAAAAP9b85aBtbiIQTGjNKU4P08vOT+vOD8nVc83PyU1x6OyILUoJzMv2y+/JJUBAhiZGBgqihhk0NSjKDWzXb3RdlLBUSYGJk8GtpzUvPSSDB8G5tKinBIGIZ+sxLJE/ZzEvHT94JKizLx0a6BxUmjGOUNodHsLgAyWEgYu/dLi1CL9xJTEPACulnT/vwAAAA==[0madan ±Ò°Ê
Running as SYSTEM
«Ø¸m¤¤ ¤u§@°Ï C:\ProgramData\Jenkins\.jenkins\workspace\auto_v1.1
[auto_v1.1] $ cmd /c call C:\Windows\TEMP\jenkins12977610091562836815.bat

C:\ProgramData\Jenkins\.jenkins\workspace\auto_v1.1>C:

C:\ProgramData\Jenkins\.jenkins\workspace\auto_v1.1>cd C:\ProgramData\Jenkins\.jenkins\workspace\auto_v1.1 

C:\ProgramData\Jenkins\.jenkins\workspace\auto_v1.1>pip install -r requirements.txt6 
ERROR: Could not open requirements file: [Errno 2] No such file or directory: 'requirements.txt6'

C:\ProgramData\Jenkins\.jenkins\workspace\auto_v1.1>pytest -vs test_demo.py -s -q --alluredir=./allure-report/ 
============================= test session starts =============================
platform win32 -- Python 3.11.1, pytest-7.2.0, pluggy-1.0.0
rootdir: C:\ProgramData\Jenkins\.jenkins\workspace\auto_v1.1
plugins: allure-pytest-2.12.0, html-3.2.0, json-report-1.5.0, metadata-2.0.4, testconfig-0.2.0
collected 1 item

test_demo.py a ªº¼Æ­È¬° 2
b ªº¼Æ­È¬° 4
.

============================== 1 passed in 0.02s ==============================

C:\ProgramData\Jenkins\.jenkins\workspace\auto_v1.1>exit 0 
[auto_v1.1] $ C:\allure-2.20.1\bin\allure.bat generate C:\ProgramData\Jenkins\.jenkins\workspace\auto_v1.1\allure-report\html -c -o C:\ProgramData\Jenkins\.jenkins\workspace\auto_v1.1\allure-report\htmlg
Report successfully generated to C:\ProgramData\Jenkins\.jenkins\workspace\auto_v1.1\allure-report\htmlg
Allure report was successfully generated.
Creating artifact for the build.
Artifact was added to the build.
Finished: SUCCESS
