由使用者 unknown or anonymous 啟動
Running as SYSTEM
建置中 工作區 C:\ProgramData\Jenkins\.jenkins\workspace\auto_v1.1
[auto_v1.1] $ cmd /c call C:\Windows\TEMP\jenkins16023509247959653290.bat

C:\ProgramData\Jenkins\.jenkins\workspace\auto_v1.1>C:

C:\ProgramData\Jenkins\.jenkins\workspace\auto_v1.1>cd C:\pytest 

C:\pytest>call pytest test_demo.py -s -q --alluredir=./allure-report/ 
a 的數值為 2
b 的數值為 4
.
1 passed in 0.01s

C:\pytest>allure serve ./allure-report/ 
'allure' 不是內部或外部命令、可執行的程式或批次檔。

C:\pytest>exit 0 
ERROR: Step ‘Allure Report’ aborted due to exception: 
java.io.IOException: Can't find allure commandline <null>
	at ru.yandex.qatools.allure.jenkins.tools.AllureCommandlineInstallation$GetMajorVersion.call(AllureCommandlineInstallation.java:74)
	at ru.yandex.qatools.allure.jenkins.tools.AllureCommandlineInstallation$GetMajorVersion.call(AllureCommandlineInstallation.java:65)
	at hudson.remoting.LocalChannel.call(LocalChannel.java:46)
	at ru.yandex.qatools.allure.jenkins.tools.AllureCommandlineInstallation.getMajorVersion(AllureCommandlineInstallation.java:63)
	at ru.yandex.qatools.allure.jenkins.ReportBuilder.build(ReportBuilder.java:52)
	at ru.yandex.qatools.allure.jenkins.AllureReportPublisher.generateReport(AllureReportPublisher.java:312)
	at ru.yandex.qatools.allure.jenkins.AllureReportPublisher.perform(AllureReportPublisher.java:231)
	at jenkins.tasks.SimpleBuildStep.perform(SimpleBuildStep.java:123)
	at hudson.tasks.BuildStepCompatibilityLayer.perform(BuildStepCompatibilityLayer.java:78)
	at hudson.tasks.BuildStepMonitor$1.perform(BuildStepMonitor.java:20)
	at hudson.model.AbstractBuild$AbstractBuildExecution.perform(AbstractBuild.java:806)
	at hudson.model.AbstractBuild$AbstractBuildExecution.performAllBuildSteps(AbstractBuild.java:755)
	at hudson.model.Build$BuildExecution.post2(Build.java:178)
	at hudson.model.AbstractBuild$AbstractBuildExecution.post(AbstractBuild.java:699)
	at hudson.model.Run.execute(Run.java:1913)
	at hudson.model.FreeStyleBuild.run(FreeStyleBuild.java:43)
	at hudson.model.ResourceController.execute(ResourceController.java:99)
	at hudson.model.Executor.run(Executor.java:432)
Finished: FAILURE
